// Jest Snapshot v1, https://goo.gl/fbAQLP

exports[`button test is div 1`] = `
<div>
  按钮
</div>
`;
